cypress/e2e/dashboard.cy.ts(3,1): error TS1208: 'dashboard.cy.ts' cannot be compiled under '--isolatedModules' because it is considered a global script file. Add an import, export, or an empty 'export {}' statement to make it a module.
cypress/e2e/dashboard.cy.ts(44,45): error TS2554: Expected 1 arguments, but got 2.
cypress/e2e/dashboard.cy.ts(52,59): error TS2339: Property '__chart__' does not exist on type 'HTMLCanvasElement'.
cypress/e2e/dashboard.cy.ts(59,75): error TS2339: Property '__ws' does not exist on type 'Element'.
cypress/e2e/dashboard.cy.ts(65,41): error TS2554: Expected 1 arguments, but got 2.
cypress/e2e/dashboard.cy.ts(81,43): error TS2554: Expected 1 arguments, but got 2.
cypress/support/component.ts(15,10): error TS7023: 'mount' implicitly has return type 'any' because it does not have a return type annotation and is referenced directly or indirectly in one of its return expressions.
cypress/support/component.ts(20,30): error TS2554: Expected 1 arguments, but got 2.
src/api/marketData.ts(552,55): error TS2345: Argument of type 'Record<string, any>' is not assignable to parameter of type 'boolean | undefined'.
src/api/marketData.ts(606,18): error TS2339: Property 'success' does not exist on type 'MarketData'.
src/api/marketData.ts(606,38): error TS2339: Property 'data' does not exist on type 'MarketData'.
src/api/marketData.ts(607,23): error TS2339: Property 'data' does not exist on type 'MarketData'.
src/api/marketData.ts(624,18): error TS2339: Property 'success' does not exist on type 'MarketData'.
src/api/marketData.ts(624,38): error TS2339: Property 'data' does not exist on type 'MarketData'.
src/api/marketData.ts(625,23): error TS2339: Property 'data' does not exist on type 'MarketData'.
src/api/marketData.ts(625,45): error TS7006: Parameter 'trade' implicitly has an 'any' type.
src/api/marketData.ts(653,18): error TS2339: Property 'success' does not exist on type 'OHLCVData[]'.
src/api/marketData.ts(653,38): error TS2339: Property 'data' does not exist on type 'OHLCVData[]'.
src/api/marketData.ts(654,23): error TS2339: Property 'data' does not exist on type 'OHLCVData[]'.
src/api/marketData.ts(654,32): error TS7006: Parameter 'item' implicitly has an 'any' type.
src/api/webSocketClient.ts(405,27): error TS2802: Type 'Set<string>' can only be iterated through when using the '--downlevelIteration' flag or with a '--target' of 'es2015' or higher.
src/api/webSocketClient.ts(416,11): error TS7034: Variable 'data' implicitly has type 'any' in some locations where its type cannot be determined.
src/api/webSocketClient.ts(431,43): error TS7005: Variable 'data' implicitly has an 'any' type.
src/api/webSocketClient.ts(435,46): error TS7005: Variable 'data' implicitly has an 'any' type.
src/api/webSocketClient.ts(534,16): error TS2554: Expected 2-3 arguments, but got 0.
src/components/3d/PriceChartVisualization.tsx(151,11): error TS2322: Type 'RefObject<Line<BufferGeometry<NormalBufferAttributes>, Material | Material[]>>' is not assignable to type 'LegacyRef<Line2 | LineSegments2> | undefined'.
  Type 'RefObject<Line<BufferGeometry<NormalBufferAttributes>, Material | Material[]>>' is not assignable to type 'RefObject<Line2 | LineSegments2>'.
    Type 'Line<BufferGeometry<NormalBufferAttributes>, Material | Material[]>' is not assignable to type 'Line2 | LineSegments2'.
      Type 'Line<BufferGeometry<NormalBufferAttributes>, Material | Material[]>' is missing the following properties from type 'LineSegments2': isLineSegments2, isMesh, getVertexPosition
src/components/AlertRuleManager.tsx(20,38): error TS2307: Cannot find module '@mui/x-data-grid' or its corresponding type declarations.
src/components/AlertRuleManager.tsx(22,48): error TS2307: Cannot find module '../types/alerts' or its corresponding type declarations.
src/components/AlertRuleManager.tsx(23,31): error TS2307: Cannot find module '../hooks/useAlertRules' or its corresponding type declarations.
src/components/AlertRuleManager.tsx(24,27): error TS2307: Cannot find module '../hooks/useNotify' or its corresponding type declarations.
src/components/AlertRuleManager.tsx(62,20): error TS7006: Parameter 'params' implicitly has an 'any' type.
src/components/auth/LoginForm.tsx(13,23): error TS2305: Module '"../../services/auth"' has no exported member 'LoginCredentials'.
src/components/auth/LoginForm.tsx(46,31): error TS2554: Expected 2 arguments, but got 1.
src/components/auth/PasswordResetForm.tsx(82,22): error TS18046: 'err' is of type 'unknown'.
src/components/auth/TwoFactorSetup.tsx(164,21): error TS2769: No overload matches this call.
  Overload 1 of 2, '(props: { component: "div"; } & TypographyOwnProps & CommonProps & Omit<Omit<DetailedHTMLProps<HTMLAttributes<HTMLDivElement>, HTMLDivElement>, "ref"> & { ...; }, "border" | ... 112 more ... | "variantMapping">): Element | null', gave the following error.
    Type '"mono"' is not assignable to type '"button" | "caption" | "h1" | "h2" | "h3" | "h4" | "h5" | "h6" | "inherit" | "subtitle1" | "subtitle2" | "body1" | "body2" | "overline" | undefined'.
  Overload 2 of 2, '(props: DefaultComponentProps<TypographyTypeMap<{}, "span">>): Element | null', gave the following error.
    Type '"mono"' is not assignable to type '"button" | "caption" | "h1" | "h2" | "h3" | "h4" | "h5" | "h6" | "inherit" | "subtitle1" | "subtitle2" | "body1" | "body2" | "overline" | undefined'.
src/components/OrderBook.tsx(65,10): error TS2590: Expression produces a union type that is too complex to represent.
src/components/OrderBook.tsx(65,14): error TS2590: Expression produces a union type that is too complex to represent.
src/components/OrderHistory.tsx(37,17): error TS2345: Argument of type 'ApiResponse<Order[]>' is not assignable to parameter of type 'SetStateAction<Order[]>'.
src/components/OrderHistory.tsx(69,9): error TS2322: Type '"þ┤äÕ«Üµ©êÒü┐"' is not assignable to type 'OrderStatus'.
src/components/OrderHistory.tsx(73,9): error TS2322: Type '"õ©ÇÚâ¿þ┤äÕ«Ü"' is not assignable to type 'OrderStatus'.
src/components/OrderHistory.tsx(77,9): error TS2322: Type '"µ│¿µûçõ©¡"' is not assignable to type 'OrderStatus'.
src/components/OrderHistory.tsx(81,9): error TS2322: Type '"Òé¡ÒâúÒâ│Òé╗Òâ½"' is not assignable to type 'OrderStatus'.
src/components/OrderHistory.tsx(85,9): error TS2322: Type '"µïÆÕÉª"' is not assignable to type 'OrderStatus'.
src/components/SymbolSelector.tsx(38,20): error TS2345: Argument of type 'ApiResponse<SymbolInfo[]>' is not assignable to parameter of type 'SetStateAction<SymbolInfo[]>'.
src/components/SymbolSelector.tsx(70,9): error TS2322: Type '"þäíµ£ƒÚÖÉ"' is not assignable to type '"spot" | "perp" | "futures"'.
src/components/SymbolSelector.tsx(74,9): error TS2322: Type '"Õàêþë®"' is not assignable to type '"spot" | "perp" | "futures"'.
src/components/SymbolSelector.tsx(78,9): error TS2322: Type '"þÅ¥þë®"' is not assignable to type '"spot" | "perp" | "futures"'.
src/pages/Dashboard/components/PriceChart.tsx(35,23): error TS2322: Type '"solid"' is not assignable to type 'ColorType.Solid'.
src/pages/Dashboard/components/PriceChart.tsx(80,7): error TS2345: Argument of type '{ priceFormat: { type: "volume"; }; priceScaleId: string; scaleMargins: { top: number; bottom: number; }; }' is not assignable to parameter of type 'DeepPartial<HistogramStyleOptions & SeriesOptionsCommon>'.
  Object literal may only specify known properties, and 'scaleMargins' does not exist in type 'DeepPartial<HistogramStyleOptions & SeriesOptionsCommon>'.
